dwis1@CODEID-DWI MINGW64 ~/OneDrive/Documents/PelatihanGolang
$ git init
Initialized empty Git repository in C:/Users/dwis1/OneDrive/Documents/PelatihanGolang/.git/

dwis1@CODEID-DWI MINGW64 ~/OneDrive/Documents/PelatihanGolang (master)
$ git remote add origin https://github.com/susantodwi2/PelatihanGoLang.git

dwis1@CODEID-DWI MINGW64 ~/OneDrive/Documents/PelatihanGolang (master)
$ git add .

dwis1@CODEID-DWI MINGW64 ~/OneDrive/Documents/PelatihanGolang (master)
$ git commit -m "Initial commit"
Author identity unknown

*** Please tell me who you are.

Run

  git config --global user.email "you@example.com"
  git config --global user.name "Your Name"

to set your account's default identity.
Omit --global to set the identity only in this repository.

fatal: unable to auto-detect email address (got 'dwis1@CODEID-DWI.(none)')

dwis1@CODEID-DWI MINGW64 ~/OneDrive/Documents/PelatihanGolang (master)
$ ^C

dwis1@CODEID-DWI MINGW64 ~/OneDrive/Documents/PelatihanGolang (master)
$  git config --global user.name "Dwi Susanto"

dwis1@CODEID-DWI MINGW64 ~/OneDrive/Documents/PelatihanGolang (master)
$ git config --global user.email "dwis190@gmail.com"

dwis1@CODEID-DWI MINGW64 ~/OneDrive/Documents/PelatihanGolang (master)
$ git commit -m "Initial commit"
[master (root-commit) e7f198b] Initial commit
 1 file changed, 23 insertions(+)
 create mode 100644 Misterx.txt

dwis1@CODEID-DWI MINGW64 ~/OneDrive/Documents/PelatihanGolang (master)
$ git push origin master
Enumerating objects: 3, done.
Counting objects: 100% (3/3), done.
Delta compression using up to 4 threads
Compressing objects: 100% (2/2), done.
Writing objects: 100% (3/3), 629 bytes | 209.00 KiB/s, done.
Total 3 (delta 0), reused 0 (delta 0), pack-reused 0
To https://github.com/susantodwi2/PelatihanGoLang.git
 * [new branch]      master -> master

dwis1@CODEID-DWI MINGW64 ~/OneDrive/Documents/PelatihanGolang (master)
$ git add .

dwis1@CODEID-DWI MINGW64 ~/OneDrive/Documents/PelatihanGolang (master)
$ git commit -m "Perubahan NamaFile"
[master c5276ef] Perubahan NamaFile
 1 file changed, 0 insertions(+), 0 deletions(-)
 rename Misterx.txt => ResepBakso.txt (100%)

dwis1@CODEID-DWI MINGW64 ~/OneDrive/Documents/PelatihanGolang (master)
$ git push origin master
Enumerating objects: 3, done.
Counting objects: 100% (3/3), done.
Writing objects: 100% (2/2), 246 bytes | 246.00 KiB/s, done.
Total 2 (delta 0), reused 0 (delta 0), pack-reused 0
To https://github.com/susantodwi2/PelatihanGoLang.git
   e7f198b..c5276ef  master -> master

dwis1@CODEID-DWI MINGW64 ~/OneDrive/Documents/PelatihanGolang (master)
$ git checkout -b development master
Switched to a new branch 'development'

dwis1@CODEID-DWI MINGW64 ~/OneDrive/Documents/PelatihanGolang (development)
$ git push origin development
Total 0 (delta 0), reused 0 (delta 0), pack-reused 0
remote:
remote: Create a pull request for 'development' on GitHub by visiting:
remote:      https://github.com/susantodwi2/PelatihanGoLang/pull/new/development
remote:
To https://github.com/susantodwi2/PelatihanGoLang.git
 * [new branch]      development -> development

dwis1@CODEID-DWI MINGW64 ~/OneDrive/Documents/PelatihanGolang (development)
$ git checkout development
Already on 'development'

dwis1@CODEID-DWI MINGW64 ~/OneDrive/Documents/PelatihanGolang (development)
$ git checkout -b featureA
Switched to a new branch 'featureA'

dwis1@CODEID-DWI MINGW64 ~/OneDrive/Documents/PelatihanGolang (featureA)
$ git push origin featureA
Total 0 (delta 0), reused 0 (delta 0), pack-reused 0
remote:
remote: Create a pull request for 'featureA' on GitHub by visiting:
remote:      https://github.com/susantodwi2/PelatihanGoLang/pull/new/featureA
remote:
To https://github.com/susantodwi2/PelatihanGoLang.git
 * [new branch]      featureA -> featureA

dwis1@CODEID-DWI MINGW64 ~/OneDrive/Documents/PelatihanGolang (featureA)
$ git checkout development
Switched to branch 'development'

dwis1@CODEID-DWI MINGW64 ~/OneDrive/Documents/PelatihanGolang (development)
$ git checkout -b featureB
Switched to a new branch 'featureB'

dwis1@CODEID-DWI MINGW64 ~/OneDrive/Documents/PelatihanGolang (featureB)
$ git push origin featureB
Total 0 (delta 0), reused 0 (delta 0), pack-reused 0
remote:
remote: Create a pull request for 'featureB' on GitHub by visiting:
remote:      https://github.com/susantodwi2/PelatihanGoLang/pull/new/featureB
remote:
To https://github.com/susantodwi2/PelatihanGoLang.git
 * [new branch]      featureB -> featureB

dwis1@CODEID-DWI MINGW64 ~/OneDrive/Documents/PelatihanGolang (featureB)
$ git add .

dwis1@CODEID-DWI MINGW64 ~/OneDrive/Documents/PelatihanGolang (featureB)
$ git commit -m "Penambahan resep sambel"
[featureB 90c2396] Penambahan resep sambel
 1 file changed, 8 insertions(+), 1 deletion(-)

dwis1@CODEID-DWI MINGW64 ~/OneDrive/Documents/PelatihanGolang (featureB)
$ git push origin featureB
Enumerating objects: 5, done.
Counting objects: 100% (5/5), done.
Delta compression using up to 4 threads
Compressing objects: 100% (2/2), done.
Writing objects: 100% (3/3), 376 bytes | 376.00 KiB/s, done.
Total 3 (delta 1), reused 0 (delta 0), pack-reused 0
remote: Resolving deltas: 100% (1/1), completed with 1 local object.
To https://github.com/susantodwi2/PelatihanGoLang.git
   c5276ef..90c2396  featureB -> featureB

dwis1@CODEID-DWI MINGW64 ~/OneDrive/Documents/PelatihanGolang (featureB)
$ git checkout featureA
Switched to branch 'featureA'

dwis1@CODEID-DWI MINGW64 ~/OneDrive/Documents/PelatihanGolang (featureA)
$ git pull origin featureB
From https://github.com/susantodwi2/PelatihanGoLang
 * branch            featureB   -> FETCH_HEAD
Updating c5276ef..90c2396
Fast-forward
 ResepBakso.txt | 9 ++++++++-
 1 file changed, 8 insertions(+), 1 deletion(-)

dwis1@CODEID-DWI MINGW64 ~/OneDrive/Documents/PelatihanGolang (featureA)
$ git stash save "Penambahan Resep sambel dari featureB"
No local changes to save

dwis1@CODEID-DWI MINGW64 ~/OneDrive/Documents/PelatihanGolang (featureA)
$ git checkout development
Switched to branch 'development'

dwis1@CODEID-DWI MINGW64 ~/OneDrive/Documents/PelatihanGolang (development)
$ git merge feature
merge: feature - not something we can merge

dwis1@CODEID-DWI MINGW64 ~/OneDrive/Documents/PelatihanGolang (development)
$ git merge featureB
Updating c5276ef..90c2396
Fast-forward
 ResepBakso.txt | 9 ++++++++-
 1 file changed, 8 insertions(+), 1 deletion(-)

dwis1@CODEID-DWI MINGW64 ~/OneDrive/Documents/PelatihanGolang (development)
$ git checkout featureA
Switched to branch 'featureA'

dwis1@CODEID-DWI MINGW64 ~/OneDrive/Documents/PelatihanGolang (featureA)
$ git checkout development
Switched to branch 'development'

dwis1@CODEID-DWI MINGW64 ~/OneDrive/Documents/PelatihanGolang (development)
$ git add .

dwis1@CODEID-DWI MINGW64 ~/OneDrive/Documents/PelatihanGolang (development)
$ git commit -m "Penambahan resep sambel dari featureB"
On branch development
nothing to commit, working tree clean

dwis1@CODEID-DWI MINGW64 ~/OneDrive/Documents/PelatihanGolang (development)
$ git push origin development
Total 0 (delta 0), reused 0 (delta 0), pack-reused 0
To https://github.com/susantodwi2/PelatihanGoLang.git
   c5276ef..90c2396  development -> development

dwis1@CODEID-DWI MINGW64 ~/OneDrive/Documents/PelatihanGolang (development)
$ git checkout featureA
Switched to branch 'featureA'

dwis1@CODEID-DWI MINGW64 ~/OneDrive/Documents/PelatihanGolang (featureA)
$ git add .

dwis1@CODEID-DWI MINGW64 ~/OneDrive/Documents/PelatihanGolang (featureA)
$ git commit -m "Penambahan Micin di resep sambel featureA"
[featureA b40fb3a] Penambahan Micin di resep sambel featureA
 1 file changed, 2 insertions(+), 1 deletion(-)

dwis1@CODEID-DWI MINGW64 ~/OneDrive/Documents/PelatihanGolang (featureA)
$ git push origin featureA
Enumerating objects: 5, done.
Counting objects: 100% (5/5), done.
Delta compression using up to 4 threads
Compressing objects: 100% (2/2), done.
Writing objects: 100% (3/3), 324 bytes | 324.00 KiB/s, done.
Total 3 (delta 1), reused 0 (delta 0), pack-reused 0
remote: Resolving deltas: 100% (1/1), completed with 1 local object.
To https://github.com/susantodwi2/PelatihanGoLang.git
   c5276ef..b40fb3a  featureA -> featureA

dwis1@CODEID-DWI MINGW64 ~/OneDrive/Documents/PelatihanGolang (featureA)
$ git checkout development
Switched to branch 'development'

dwis1@CODEID-DWI MINGW64 ~/OneDrive/Documents/PelatihanGolang (development)
$ git merge --no-ff featureA
hint: Waiting for your editor to close the file...       0 [sig] bash 1110! sigpacket::process: Suppressing signal 18 to win32 process (pid 11912)
Merge made by the 'ort' strategy.
 ResepBakso.txt | 3 ++-
 1 file changed, 2 insertions(+), 1 deletion(-)

dwis1@CODEID-DWI MINGW64 ~/OneDrive/Documents/PelatihanGolang (development)
$ git add .

dwis1@CODEID-DWI MINGW64 ~/OneDrive/Documents/PelatihanGolang (development)
$ git commit -m "Merge no fast forward resep sambel di featureA"
On branch development
nothing to commit, working tree clean

dwis1@CODEID-DWI MINGW64 ~/OneDrive/Documents/PelatihanGolang (development)
$ git push origin development
Enumerating objects: 1, done.
Counting objects: 100% (1/1), done.
Writing objects: 100% (1/1), 240 bytes | 240.00 KiB/s, done.
Total 1 (delta 0), reused 0 (delta 0), pack-reused 0
To https://github.com/susantodwi2/PelatihanGoLang.git
   90c2396..a3cbb70  development -> development

dwis1@CODEID-DWI MINGW64 ~/OneDrive/Documents/PelatihanGolang (development)
$ git log myfile.txt
fatal: ambiguous argument 'myfile.txt': unknown revision or path not in the working tree.
Use '--' to separate paths from revisions, like this:
'git <command> [<revision>...] -- [<file>...]'

dwis1@CODEID-DWI MINGW64 ~/OneDrive/Documents/PelatihanGolang (development)
$ git log
commit a3cbb7091b1d130e037232b10177169eaf5fee24 (HEAD -> development, origin/development)
Merge: 90c2396 b40fb3a
Author: Dwi Susanto <dwis190@gmail.com>
Date:   Thu Aug 24 09:56:06 2023 +0700

    Merge branch 'featureA' into development

commit b40fb3a48482cb6a35029e9cda2563dfbfdb52d4 (origin/featureA, featureA)
Author: Dwi Susanto <dwis190@gmail.com>
Date:   Thu Aug 24 09:54:58 2023 +0700

    Penambahan Micin di resep sambel featureA

commit 90c239657dc83c8e7da73831d26bcfbd2d852df4 (origin/featureB, featureB)
Author: Dwi Susanto <dwis190@gmail.com>
Date:   Thu Aug 24 09:18:32 2023 +0700

    Penambahan resep sambel

commit c5276efbfe5569f6ed10a83446c245ff20b23913 (origin/master, master)
Author: Dwi Susanto <dwis190@gmail.com>
Date:   Thu Aug 24 09:06:13 2023 +0700

    Perubahan NamaFile

commit e7f198bba9c660a02bdaa1025f7e18e4e5fda1d5
Author: Dwi Susanto <dwis190@gmail.com>
Date:   Thu Aug 24 08:49:23 2023 +0700

    Initial commit

dwis1@CODEID-DWI MINGW64 ~/OneDrive/Documents/PelatihanGolang (development)
$ git log --graph
*   commit a3cbb7091b1d130e037232b10177169eaf5fee24 (HEAD -> development, origin/development)
|\  Merge: 90c2396 b40fb3a
| | Author: Dwi Susanto <dwis190@gmail.com>
| | Date:   Thu Aug 24 09:56:06 2023 +0700
| |
| |     Merge branch 'featureA' into development
| |
| * commit b40fb3a48482cb6a35029e9cda2563dfbfdb52d4 (origin/featureA, featureA)
|/  Author: Dwi Susanto <dwis190@gmail.com>
|   Date:   Thu Aug 24 09:54:58 2023 +0700
|
|       Penambahan Micin di resep sambel featureA
|
* commit 90c239657dc83c8e7da73831d26bcfbd2d852df4 (origin/featureB, featureB)
| Author: Dwi Susanto <dwis190@gmail.com>
| Date:   Thu Aug 24 09:18:32 2023 +0700
|
|     Penambahan resep sambel
|
* commit c5276efbfe5569f6ed10a83446c245ff20b23913 (origin/master, master)
| Author: Dwi Susanto <dwis190@gmail.com>
| Date:   Thu Aug 24 09:06:13 2023 +0700
|
|     Perubahan NamaFile
|
* commit e7f198bba9c660a02bdaa1025f7e18e4e5fda1d5
  Author: Dwi Susanto <dwis190@gmail.com>
  Date:   Thu Aug 24 08:49:23 2023 +0700

      Initial commit

dwis1@CODEID-DWI MINGW64 ~/OneDrive/Documents/PelatihanGolang (development)
$ git checkout master
Switched to branch 'master'

dwis1@CODEID-DWI MINGW64 ~/OneDrive/Documents/PelatihanGolang (master)
$ git log
commit c5276efbfe5569f6ed10a83446c245ff20b23913 (HEAD -> master, origin/master)
Author: Dwi Susanto <dwis190@gmail.com>
Date:   Thu Aug 24 09:06:13 2023 +0700

    Perubahan NamaFile

commit e7f198bba9c660a02bdaa1025f7e18e4e5fda1d5
Author: Dwi Susanto <dwis190@gmail.com>
Date:   Thu Aug 24 08:49:23 2023 +0700

    Initial commit

dwis1@CODEID-DWI MINGW64 ~/OneDrive/Documents/PelatihanGolang (master)
$ git checkout development
Switched to branch 'development'

dwis1@CODEID-DWI MINGW64 ~/OneDrive/Documents/PelatihanGolang (development)
$ git log
commit a3cbb7091b1d130e037232b10177169eaf5fee24 (HEAD -> development, origin/development)
Merge: 90c2396 b40fb3a
Author: Dwi Susanto <dwis190@gmail.com>
Date:   Thu Aug 24 09:56:06 2023 +0700

    Merge branch 'featureA' into development

commit b40fb3a48482cb6a35029e9cda2563dfbfdb52d4 (origin/featureA, featureA)
Author: Dwi Susanto <dwis190@gmail.com>
Date:   Thu Aug 24 09:54:58 2023 +0700

    Penambahan Micin di resep sambel featureA

commit 90c239657dc83c8e7da73831d26bcfbd2d852df4 (origin/featureB, featureB)
Author: Dwi Susanto <dwis190@gmail.com>
Date:   Thu Aug 24 09:18:32 2023 +0700

    Penambahan resep sambel

commit c5276efbfe5569f6ed10a83446c245ff20b23913 (origin/master, master)
Author: Dwi Susanto <dwis190@gmail.com>
Date:   Thu Aug 24 09:06:13 2023 +0700

    Perubahan NamaFile

commit e7f198bba9c660a02bdaa1025f7e18e4e5fda1d5
Author: Dwi Susanto <dwis190@gmail.com>
Date:   Thu Aug 24 08:49:23 2023 +0700

    Initial commit

dwis1@CODEID-DWI MINGW64 ~/OneDrive/Documents/PelatihanGolang (development)
$ git checkout featureA
Switched to branch 'featureA'

dwis1@CODEID-DWI MINGW64 ~/OneDrive/Documents/PelatihanGolang (featureA)
$ git log
commit b40fb3a48482cb6a35029e9cda2563dfbfdb52d4 (HEAD -> featureA, origin/featureA)
Author: Dwi Susanto <dwis190@gmail.com>
Date:   Thu Aug 24 09:54:58 2023 +0700

    Penambahan Micin di resep sambel featureA

commit 90c239657dc83c8e7da73831d26bcfbd2d852df4 (origin/featureB, featureB)
Author: Dwi Susanto <dwis190@gmail.com>
Date:   Thu Aug 24 09:18:32 2023 +0700

    Penambahan resep sambel

commit c5276efbfe5569f6ed10a83446c245ff20b23913 (origin/master, master)
Author: Dwi Susanto <dwis190@gmail.com>
Date:   Thu Aug 24 09:06:13 2023 +0700

    Perubahan NamaFile

commit e7f198bba9c660a02bdaa1025f7e18e4e5fda1d5
Author: Dwi Susanto <dwis190@gmail.com>
Date:   Thu Aug 24 08:49:23 2023 +0700

    Initial commit

dwis1@CODEID-DWI MINGW64 ~/OneDrive/Documents/PelatihanGolang (featureA)
$ git checkout featureB
Switched to branch 'featureB'

dwis1@CODEID-DWI MINGW64 ~/OneDrive/Documents/PelatihanGolang (featureB)
$ git log
commit 90c239657dc83c8e7da73831d26bcfbd2d852df4 (HEAD -> featureB, origin/featureB)
Author: Dwi Susanto <dwis190@gmail.com>
Date:   Thu Aug 24 09:18:32 2023 +0700

    Penambahan resep sambel

commit c5276efbfe5569f6ed10a83446c245ff20b23913 (origin/master, master)
Author: Dwi Susanto <dwis190@gmail.com>
Date:   Thu Aug 24 09:06:13 2023 +0700

    Perubahan NamaFile

commit e7f198bba9c660a02bdaa1025f7e18e4e5fda1d5
Author: Dwi Susanto <dwis190@gmail.com>
Date:   Thu Aug 24 08:49:23 2023 +0700

    Initial commit

dwis1@CODEID-DWI MINGW64 ~/OneDrive/Documents/PelatihanGolang (featureB)
